{
  "selection": {
    "candidate": "large_weighted",
    "validation_macro_f1": {
      "small_resample": 0.8619305280727367,
      "large_resample": 0.8630993099259989,
      "large_weighted": 0.8699825622682862,
      "large_regularized": 0.8722192986180186
    },
    "server_blend_enabled": true,
    "server_blend_validation_deltas": [
      0.06390439835856376,
      0.09273555379651022,
      0.0898519779548973,
      0.11883139941479237,
      0.08394487125050909
    ],
    "deployment_seed": 0,
    "consistency_comparisons": {
      "large_resample": {
        "parent": "small_resample",
        "validation_deltas": [
          0.0065298555272711445,
          0.0006038604656000146,
          0.022441811894323038,
          -0.02114669009137715,
          -0.002584928529505981
        ],
        "kept": false
      },
      "large_weighted": {
        "parent": "small_resample",
        "validation_deltas": [
          0.03002484207104117,
          0.011620220372134504,
          0.014154103770177229,
          -0.015964172984435754,
          0.0004251777488304409
        ],
        "kept": true
      },
      "large_regularized": {
        "parent": "large_weighted",
        "validation_deltas": [
          0.00564949583820562,
          0.0031348437775085003,
          -0.005635469351385147,
          0.008383622529657964,
          -0.00034881104532502594
        ],
        "kept": false
      }
    },
    "final_audit_seed_offset": 100
  },
  "summary": {
    "small_resample": {
      "accuracy": {
        "mean": 0.877978855721393,
        "std": 0.006565002149928924
      },
      "balanced_accuracy": {
        "mean": 0.9045104959506517,
        "std": 0.011945539933146359
      },
      "macro_f1": {
        "mean": 0.8542761823598684,
        "std": 0.006692691040847028
      },
      "binary_accuracy": {
        "mean": 0.8858613184079601,
        "std": 0.00543340276101015
      }
    },
    "large_resample": {
      "accuracy": {
        "mean": 0.8815267412935324,
        "std": 0.00563505633840022
      },
      "balanced_accuracy": {
        "mean": 0.8948113773997755,
        "std": 0.008236545842516959
      },
      "macro_f1": {
        "mean": 0.8587856859815822,
        "std": 0.0055142322796812426
      },
      "binary_accuracy": {
        "mean": 0.8899191542288557,
        "std": 0.005143038585787945
      }
    },
    "large_weighted": {
      "accuracy": {
        "mean": 0.8916138059701494,
        "std": 0.011847114900793883
      },
      "balanced_accuracy": {
        "mean": 0.890348417665586,
        "std": 0.011490342832502316
      },
      "macro_f1": {
        "mean": 0.8688470238612149,
        "std": 0.012026562804952545
      },
      "binary_accuracy": {
        "mean": 0.8994371890547264,
        "std": 0.012045208798851145
      }
    },
    "large_regularized": {
      "accuracy": {
        "mean": 0.8906685323383086,
        "std": 0.014054233628211534
      },
      "balanced_accuracy": {
        "mean": 0.8740397198989042,
        "std": 0.020692254468669635
      },
      "macro_f1": {
        "mean": 0.864288647198628,
        "std": 0.017005000495292757
      },
      "binary_accuracy": {
        "mean": 0.9005130597014925,
        "std": 0.011851013284354372
      }
    },
    "original": {
      "accuracy": {
        "mean": 0.2504135572139304,
        "std": 0.008673816875249008
      },
      "balanced_accuracy": {
        "mean": 0.21603515374018323,
        "std": 0.014746955337012348
      },
      "macro_f1": {
        "mean": 0.18470177880238955,
        "std": 0.014471557475532297
      },
      "binary_accuracy": {
        "mean": 0.5161847014925374,
        "std": 0.011382800392622438
      }
    },
    "server_boosting": {
      "accuracy": {
        "mean": 0.969120024875622,
        "std": 0.005561710622040302
      },
      "balanced_accuracy": {
        "mean": 0.9712679508912281,
        "std": 0.00740568423644296
      },
      "macro_f1": {
        "mean": 0.9620772007080207,
        "std": 0.005561153858119961
      },
      "binary_accuracy": {
        "mean": 0.969863184079602,
        "std": 0.005403256840689747
      }
    },
    "server_blend": {
      "accuracy": {
        "mean": 0.9639863184079601,
        "std": 0.004588782184383933
      },
      "balanced_accuracy": {
        "mean": 0.9681213878591917,
        "std": 0.00641544268732184
      },
      "macro_f1": {
        "mean": 0.9560813497554438,
        "std": 0.003729531482856912
      },
      "binary_accuracy": {
        "mean": 0.9656934079601991,
        "std": 0.004367710359926655
      }
    }
  },
  "array_bytes": 24680
}
