2 0.8190764925373134
1 0.8187189054726368
0 0.8063277363184079
4 0.7927394278606965
3 0.7955068407960199
{
  "accuracy": {
    "buggy_mean": 0.806473880597015,
    "corrected_mean": 0.8916138059701494
  },
  "balanced_accuracy": {
    "buggy_mean": 0.8528741324293927,
    "corrected_mean": 0.890348417665586
  },
  "macro_f1": {
    "buggy_mean": 0.7847533829062401,
    "corrected_mean": 0.8688470238612149
  },
  "binary_accuracy": {
    "buggy_mean": 0.8213495024875621,
    "corrected_mean": 0.8994371890547264
  }
}
